[INFO] Running OnlineTours generator for first 5 config rows...
2026-08-22 15:14:50,092 [INFO]
============================================================
Москва -> Турция, даты 27.08.2026, ночей 7-8, взрослых 2, фильтры: {'price_min': 40000, 'price_max': 120000, 'rating': 5, 'meal_ids': ['739', '740'], 'sort': 'price'}
============================================================
2026-08-22 15:14:57,882 [INFO] Главная страница загружена
2026-08-22 15:14:57,882 [INFO] Выбор 'Москва' в поле 'Город вылета'
2026-08-22 15:14:58,546 [INFO] Значение 'Москва' выбрано через Enter
2026-08-22 15:14:58,546 [INFO] Выбор страны 'Турция' в поле 'Страна, курорт, отель'
2026-08-22 15:14:59,535 [INFO] Страна 'Турция' выбрана
2026-08-22 15:15:00,042 [INFO] Выбор дат: 27.08.2026 - 27.08.2026
2026-08-22 15:15:00,160 [INFO] Календарь открыт
2026-08-22 15:15:02,429 [INFO] Выбран день 27.8.2026
2026-08-22 15:15:04,194 [INFO] Выбран день 27.8.2026
2026-08-22 15:15:04,194 [INFO] Диапазон дат выбран
2026-08-22 15:15:05,209 [INFO] Выбор ночей: 7 - 8
2026-08-22 15:15:05,268 [INFO] Панель ночей открыта
2026-08-22 15:15:06,291 [INFO] Клик по контейнеру с числом 7 выполнен
2026-08-22 15:15:07,321 [INFO] Клик по контейнеру с числом 8 выполнен
2026-08-22 15:15:07,637 [INFO] Панель ночей закрыта
2026-08-22 15:15:08,144 [INFO] Взрослых 2 (по умолчанию), пропускаем
2026-08-22 15:15:08,689 [INFO] Кнопка 'Найти тур' нажата
2026-08-22 15:15:10,118 [INFO] Получен URL после поиска: https://www.onlinetours.ru/tours/05c347cc07c31040aa3b7fba98e5bb4f?ticket_strategy=include
2026-08-22 15:15:10,119 [INFO] Выбор самой дешёвой даты (searchMinPriceData=true)...
2026-08-22 15:15:10,120 [INFO] Поиск блока с датами для выбора самой дешёвой даты...
2026-08-22 15:15:22,525 [INFO] Найдено 35 кнопок с процентами
2026-08-22 15:15:22,659 [INFO] Выбрана кнопка с минимальным процентом 47.0615 (самая дешёвая дата)
2026-08-22 15:15:22,738 [INFO] Ожидание перезагрузки страницы после выбора даты...
2026-08-22 15:15:26,769 [INFO] Новый URL после выбора дешёвой даты: https://www.onlinetours.ru/tours/9b8c5624e3a3b6c3c12373ae8e0b6866?ticket_strategy=include
2026-08-22 15:15:26,769 [INFO] Применение фильтров через параметры URL...
2026-08-22 15:15:26,770 [INFO] Новый URL с фильтрами: https://www.onlinetours.ru/tours/9b8c5624e3a3b6c3c12373ae8e0b6866?ticket_strategy=include&sort=price&price_from=40000&price_to=120000&rating=5&meal_type[]=739&meal_type[]=740
2026-08-22 15:15:27,353 [INFO] Финальный URL после фильтров: https://www.onlinetours.ru/tours/9b8c5624e3a3b6c3c12373ae8e0b6866?ticket_strategy=include&sort=price&price_from=40000&price_to=120000&rating=5&meal_type[]=739&meal_type[]=740
2026-08-22 15:15:30,709 [INFO] Минимальная цена: 73264
2026-08-22 15:15:30,727 [INFO] Итоговая дата изменилась: 28 авг - 5 сен
2026-08-22 15:15:31,979 [INFO] Тайминги: open=7.8s, city=0.7s, destination=1.5s, dates=5.2s, nights=2.9s, adults=0.0s, search=2.0s, cheapest_date=16.6s, filters=0.6s, price_state=3.4s, total=41.9s
2026-08-22 15:15:31,979 [INFO] Драйвер закрыт; время запроса: 41.9 сек
2026-08-22 15:15:31,981 [INFO] Сохранён #6
2026-08-22 15:15:31,981 [INFO]
============================================================
Санкт-Петербург -> Турция, даты 27.08.2026, ночей 7-8, взрослых 2, фильтры: {'price_min': 40000, 'price_max': 120000, 'rating': 5, 'meal_ids': ['739', '740'], 'sort': 'price'}
============================================================
2026-08-22 15:15:39,124 [INFO] Главная страница загружена
2026-08-22 15:15:39,125 [INFO] Выбор 'Санкт-Петербург' в поле 'Город вылета'
2026-08-22 15:15:39,880 [INFO] Значение 'Санкт-Петербург' выбрано через Enter
2026-08-22 15:15:39,880 [INFO] Выбор страны 'Турция' в поле 'Страна, курорт, отель'
2026-08-22 15:15:40,844 [INFO] Страна 'Турция' выбрана
2026-08-22 15:15:41,356 [INFO] Выбор дат: 27.08.2026 - 27.08.2026
2026-08-22 15:15:41,481 [INFO] Календарь открыт
2026-08-22 15:15:44,874 [INFO] Выбран день 27.8.2026
2026-08-22 15:15:46,660 [INFO] Выбран день 27.8.2026
2026-08-22 15:15:46,660 [INFO] Диапазон дат выбран
2026-08-22 15:15:47,666 [INFO] Выбор ночей: 7 - 8
2026-08-22 15:15:47,741 [INFO] Панель ночей открыта
2026-08-22 15:15:48,790 [INFO] Клик по контейнеру с числом 7 выполнен
2026-08-22 15:15:49,821 [INFO] Клик по контейнеру с числом 8 выполнен
2026-08-22 15:15:50,137 [INFO] Панель ночей закрыта
2026-08-22 15:15:50,645 [INFO] Взрослых 2 (по умолчанию), пропускаем
2026-08-22 15:15:51,198 [INFO] Кнопка 'Найти тур' нажата
2026-08-22 15:15:52,530 [INFO] Получен URL после поиска: https://www.onlinetours.ru/tours/cf66f203049aa59f91b40d67c0b3841a?ticket_strategy=include
2026-08-22 15:15:52,530 [INFO] Выбор самой дешёвой даты (searchMinPriceData=true)...
2026-08-22 15:15:52,532 [INFO] Поиск блока с датами для выбора самой дешёвой даты...
2026-08-22 15:16:09,827 [INFO] Найдено 35 кнопок с процентами
2026-08-22 15:16:09,971 [INFO] Выбрана кнопка с минимальным процентом 38.575 (самая дешёвая дата)
2026-08-22 15:16:10,062 [INFO] Ожидание перезагрузки страницы после выбора даты...
2026-08-22 15:16:14,088 [INFO] Новый URL после выбора дешёвой даты: https://www.onlinetours.ru/tours/01c94e07a6507d124a5094c4b5575253?ticket_strategy=include
2026-08-22 15:16:14,090 [INFO] Применение фильтров через параметры URL...
2026-08-22 15:16:14,091 [INFO] Новый URL с фильтрами: https://www.onlinetours.ru/tours/01c94e07a6507d124a5094c4b5575253?ticket_strategy=include&sort=price&price_from=40000&price_to=120000&rating=5&meal_type[]=739&meal_type[]=740
2026-08-22 15:16:14,720 [INFO] Финальный URL после фильтров: https://www.onlinetours.ru/tours/01c94e07a6507d124a5094c4b5575253?ticket_strategy=include&sort=price&price_from=40000&price_to=120000&rating=5&meal_type[]=739&meal_type[]=740
2026-08-22 15:16:15,939 [INFO] Минимальная цена: 95246
2026-08-22 15:16:15,968 [INFO] Итоговая дата изменилась: 25 авг - 2 сен
2026-08-22 15:16:17,231 [INFO] Тайминги: open=7.1s, city=0.8s, destination=1.5s, dates=6.3s, nights=3.0s, adults=0.0s, search=1.9s, cheapest_date=21.6s, filters=0.6s, price_state=1.2s, total=45.2s
2026-08-22 15:16:17,231 [INFO] Драйвер закрыт; время запроса: 45.2 сек
2026-08-22 15:16:17,233 [INFO] Сохранён #7
2026-08-22 15:16:17,233 [INFO]
============================================================
Екатеринбург -> Турция, даты 27.08.2026, ночей 7-8, взрослых 2, фильтры: {'price_min': 40000, 'price_max': 120000, 'rating': 5, 'meal_ids': ['739', '740'], 'sort': 'price'}
============================================================
2026-08-22 15:16:24,570 [INFO] Главная страница загружена
2026-08-22 15:16:24,570 [INFO] Выбор 'Екатеринбург' в поле 'Город вылета'
2026-08-22 15:16:25,148 [INFO] Значение 'Екатеринбург' выбрано через Enter
2026-08-22 15:16:25,148 [INFO] Выбор страны 'Турция' в поле 'Страна, курорт, отель'
2026-08-22 15:16:26,124 [INFO] Страна 'Турция' выбрана
2026-08-22 15:16:26,636 [INFO] Выбор дат: 27.08.2026 - 27.08.2026
2026-08-22 15:16:26,755 [INFO] Календарь открыт
2026-08-22 15:16:29,034 [INFO] Выбран день 27.8.2026
2026-08-22 15:16:30,784 [INFO] Выбран день 27.8.2026
2026-08-22 15:16:30,784 [INFO] Диапазон дат выбран
2026-08-22 15:16:31,790 [INFO] Выбор ночей: 7 - 8
2026-08-22 15:16:31,853 [INFO] Панель ночей открыта
2026-08-22 15:16:32,900 [INFO] Клик по контейнеру с числом 7 выполнен
2026-08-22 15:16:33,931 [INFO] Клик по контейнеру с числом 8 выполнен
2026-08-22 15:16:34,243 [INFO] Панель ночей закрыта
2026-08-22 15:16:34,753 [INFO] Взрослых 2 (по умолчанию), пропускаем
2026-08-22 15:16:35,305 [INFO] Кнопка 'Найти тур' нажата
2026-08-22 15:16:36,720 [INFO] Получен URL после поиска: https://www.onlinetours.ru/tours/0fddb874ff1a963e4bc3d4a99a0d0da2?ticket_strategy=include
2026-08-22 15:16:36,721 [INFO] Выбор самой дешёвой даты (searchMinPriceData=true)...
2026-08-22 15:16:36,722 [INFO] Поиск блока с датами для выбора самой дешёвой даты...
2026-08-22 15:16:50,349 [INFO] Найдено 20 кнопок с процентами
2026-08-22 15:16:50,429 [INFO] Выбрана кнопка с минимальным процентом 23.145 (самая дешёвая дата)
2026-08-22 15:16:50,512 [INFO] Ожидание перезагрузки страницы после выбора даты...
2026-08-22 15:16:54,529 [INFO] Новый URL после выбора дешёвой даты: https://www.onlinetours.ru/tours/4f290ed527ea9b631c521f71ca9b6d1c?ticket_strategy=include
2026-08-22 15:16:54,531 [INFO] Применение фильтров через параметры URL...
2026-08-22 15:16:54,532 [INFO] Новый URL с фильтрами: https://www.onlinetours.ru/tours/4f290ed527ea9b631c521f71ca9b6d1c?ticket_strategy=include&sort=price&price_from=40000&price_to=120000&rating=5&meal_type[]=739&meal_type[]=740
2026-08-22 15:16:55,203 [INFO] Финальный URL после фильтров: https://www.onlinetours.ru/tours/4f290ed527ea9b631c521f71ca9b6d1c?ticket_strategy=include&sort=price&price_from=40000&price_to=120000&rating=5&meal_type[]=739&meal_type[]=740
2026-08-22 15:16:56,158 [INFO] Минимальная цена: 89367
2026-08-22 15:16:56,177 [INFO] Итоговая дата изменилась: 25 авг - 2 сен
2026-08-22 15:16:57,426 [INFO] Тайминги: open=7.3s, city=0.6s, destination=1.5s, dates=5.2s, nights=3.0s, adults=0.0s, search=2.0s, cheapest_date=17.8s, filters=0.7s, price_state=1.0s, total=40.2s
2026-08-22 15:16:57,427 [INFO] Драйвер закрыт; время запроса: 40.2 сек
2026-08-22 15:16:57,429 [INFO] Сохранён #8
2026-08-22 15:16:57,429 [INFO]
============================================================
Казань -> Турция, даты 27.08.2026, ночей 7-8, взрослых 2, фильтры: {'price_min': 40000, 'price_max': 120000, 'rating': 5, 'meal_ids': ['739', '740'], 'sort': 'price'}
============================================================
2026-08-22 15:17:04,675 [INFO] Главная страница загружена
2026-08-22 15:17:04,676 [INFO] Выбор 'Казань' в поле 'Город вылета'
2026-08-22 15:17:05,157 [INFO] Значение 'Казань' выбрано через Enter
2026-08-22 15:17:05,157 [INFO] Выбор страны 'Турция' в поле 'Страна, курорт, отель'
2026-08-22 15:17:06,130 [INFO] Страна 'Турция' выбрана
2026-08-22 15:17:06,642 [INFO] Выбор дат: 27.08.2026 - 27.08.2026
2026-08-22 15:17:06,758 [INFO] Календарь открыт
2026-08-22 15:17:09,041 [INFO] Выбран день 27.8.2026
2026-08-22 15:17:10,794 [INFO] Выбран день 27.8.2026
2026-08-22 15:17:10,798 [INFO] Диапазон дат выбран
2026-08-22 15:17:11,810 [INFO] Выбор ночей: 7 - 8
2026-08-22 15:17:11,872 [INFO] Панель ночей открыта
2026-08-22 15:17:12,909 [INFO] Клик по контейнеру с числом 7 выполнен
2026-08-22 15:17:13,941 [INFO] Клик по контейнеру с числом 8 выполнен
2026-08-22 15:17:14,267 [INFO] Панель ночей закрыта
2026-08-22 15:17:14,778 [INFO] Взрослых 2 (по умолчанию), пропускаем
2026-08-22 15:17:15,328 [INFO] Кнопка 'Найти тур' нажата
2026-08-22 15:17:16,718 [INFO] Получен URL после поиска: https://www.onlinetours.ru/tours/b69c17b493c3292dcfb1dd60a3973a5f?ticket_strategy=include
2026-08-22 15:17:16,720 [INFO] Выбор самой дешёвой даты (searchMinPriceData=true)...
2026-08-22 15:17:16,723 [INFO] Поиск блока с датами для выбора самой дешёвой даты...
2026-08-22 15:17:34,337 [INFO] Найдено 25 кнопок с процентами
2026-08-22 15:17:34,463 [INFO] Выбрана кнопка с минимальным процентом 15.43 (самая дешёвая дата)
2026-08-22 15:17:34,544 [INFO] Ожидание перезагрузки страницы после выбора даты...
2026-08-22 15:17:38,571 [INFO] Новый URL после выбора дешёвой даты: https://www.onlinetours.ru/tours/7715d9c4f73983901bb6df21379f0920?ticket_strategy=include
2026-08-22 15:17:38,571 [INFO] Применение фильтров через параметры URL...
2026-08-22 15:17:38,571 [INFO] Новый URL с фильтрами: https://www.onlinetours.ru/tours/7715d9c4f73983901bb6df21379f0920?ticket_strategy=include&sort=price&price_from=40000&price_to=120000&rating=5&meal_type[]=739&meal_type[]=740
2026-08-22 15:17:39,157 [INFO] Финальный URL после фильтров: https://www.onlinetours.ru/tours/7715d9c4f73983901bb6df21379f0920?ticket_strategy=include&sort=price&price_from=40000&price_to=120000&rating=5&meal_type[]=739&meal_type[]=740
2026-08-22 15:17:40,309 [INFO] Минимальная цена: 81663
2026-08-22 15:17:40,334 [INFO] Итоговая дата изменилась: 27 авг - 4 сен
2026-08-22 15:17:41,580 [INFO] Тайминги: open=7.2s, city=0.5s, destination=1.5s, dates=5.2s, nights=3.0s, adults=0.0s, search=1.9s, cheapest_date=21.9s, filters=0.6s, price_state=1.2s, total=44.2s
2026-08-22 15:17:41,580 [INFO] Драйвер закрыт; время запроса: 44.2 сек
2026-08-22 15:17:41,582 [INFO] Сохранён #9
2026-08-22 15:17:41,582 [INFO]
============================================================
Нижний Новгород -> Турция, даты 27.08.2026, ночей 7-8, взрослых 2, фильтры: {'price_min': 40000, 'price_max': 120000, 'rating': 5, 'meal_ids': ['739', '740'], 'sort': 'price'}
============================================================
2026-08-22 15:17:45,121 [INFO] Главная страница загружена
2026-08-22 15:17:45,122 [INFO] Выбор 'Нижний Новгород' в поле 'Город вылета'
2026-08-22 15:17:49,186 [INFO] Значение 'Нижний Новгород' выбрано через Enter
2026-08-22 15:17:49,188 [INFO] Выбор страны 'Турция' в поле 'Страна, курорт, отель'
2026-08-22 15:17:50,161 [INFO] Страна 'Турция' выбрана
2026-08-22 15:17:50,673 [INFO] Выбор дат: 27.08.2026 - 27.08.2026
2026-08-22 15:17:50,852 [INFO] Календарь открыт
2026-08-22 15:17:53,223 [INFO] Выбран день 27.8.2026
2026-08-22 15:17:54,971 [INFO] Выбран день 27.8.2026
2026-08-22 15:17:54,972 [INFO] Диапазон дат выбран
2026-08-22 15:17:55,979 [INFO] Выбор ночей: 7 - 8
2026-08-22 15:17:56,058 [INFO] Панель ночей открыта
2026-08-22 15:17:57,101 [INFO] Клик по контейнеру с числом 7 выполнен
2026-08-22 15:17:58,155 [INFO] Клик по контейнеру с числом 8 выполнен
2026-08-22 15:17:58,472 [INFO] Панель ночей закрыта
2026-08-22 15:17:58,979 [INFO] Взрослых 2 (по умолчанию), пропускаем
2026-08-22 15:17:59,526 [INFO] Кнопка 'Найти тур' нажата
2026-08-22 15:18:01,111 [INFO] Получен URL после поиска: https://www.onlinetours.ru/tours/058df02d1e5017e745ae8ec04f057d37?ticket_strategy=include
2026-08-22 15:18:01,428 [INFO] Выбор самой дешёвой даты (searchMinPriceData=true)...
2026-08-22 15:18:01,434 [INFO] Поиск блока с датами для выбора самой дешёвой даты...
2026-08-22 15:18:15,706 [INFO] Найдено 32 кнопок с процентами
2026-08-22 15:18:15,837 [INFO] Выбрана кнопка с минимальным процентом 33.1745 (самая дешёвая дата)
2026-08-22 15:18:15,925 [INFO] Ожидание перезагрузки страницы после выбора даты...
2026-08-22 15:18:19,952 [INFO] Новый URL после выбора дешёвой даты: https://www.onlinetours.ru/tours/6bb4549fccda8ca55d9f70e79b180509?ticket_strategy=include
2026-08-22 15:18:19,953 [INFO] Применение фильтров через параметры URL...
2026-08-22 15:18:19,953 [INFO] Новый URL с фильтрами: https://www.onlinetours.ru/tours/6bb4549fccda8ca55d9f70e79b180509?ticket_strategy=include&sort=price&price_from=40000&price_to=120000&rating=5&meal_type[]=739&meal_type[]=740
2026-08-22 15:18:20,865 [INFO] Финальный URL после фильтров: https://www.onlinetours.ru/tours/6bb4549fccda8ca55d9f70e79b180509?ticket_strategy=include&sort=price&price_from=40000&price_to=120000&rating=5&meal_type[]=739&meal_type[]=740
2026-08-22 15:18:22,667 [INFO] Минимальная цена: 98237
2026-08-22 15:18:22,680 [INFO] Итоговая дата изменилась: 29 авг - 6 сен
2026-08-22 15:18:23,944 [INFO] Тайминги: open=3.5s, city=4.1s, destination=1.5s, dates=5.3s, nights=3.0s, adults=0.0s, search=2.4s, cheapest_date=18.5s, filters=0.9s, price_state=1.8s, total=42.4s
2026-08-22 15:18:23,944 [INFO] Драйвер закрыт; время запроса: 42.4 сек
2026-08-22 15:18:23,945 [INFO] Сохранён #10
2026-08-22 15:18:23,945 [INFO] Готово
Нажмите Enter для выхода...

[OK] Done. Output file:
smoke_output\collection_urls_5.txt
Press any key to continue . . .
